{"synthetic": false,
 "schemaVersion": "2025-09-10",
 "outputs":
 {"o": ["4119761528ed8a3b.olean"],
  "i": "f6574f3e160ef4b9.ilean",
  "c": "0579ad5b27193ff8.c"},
 "log":
 [{"message":
   ".> LEAN_PATH=/home/mrnob0dy666/imsgct/mOMonadOS/momonados-proof-2026-08-10/lean/.lake/packages/Cli/.lake/build/lib/lean:/home/mrnob0dy666/imsgct/mOMonadOS/momonados-proof-2026-08-10/lean/.lake/packages/batteries/.lake/build/lib/lean:/home/mrnob0dy666/imsgct/mOMonadOS/momonados-proof-2026-08-10/lean/.lake/packages/Qq/.lake/build/lib/lean:/home/mrnob0dy666/imsgct/mOMonadOS/momonados-proof-2026-08-10/lean/.lake/packages/aesop/.lake/build/lib/lean:/home/mrnob0dy666/imsgct/mOMonadOS/momonados-proof-2026-08-10/lean/.lake/packages/proofwidgets/.lake/build/lib/lean:/home/mrnob0dy666/imsgct/mOMonadOS/momonados-proof-2026-08-10/lean/.lake/packages/importGraph/.lake/build/lib/lean:/home/mrnob0dy666/imsgct/mOMonadOS/momonados-proof-2026-08-10/lean/.lake/packages/LeanSearchClient/.lake/build/lib/lean:/home/mrnob0dy666/imsgct/mOMonadOS/momonados-proof-2026-08-10/lean/.lake/packages/plausible/.lake/build/lib/lean:/home/mrnob0dy666/imsgct/mOMonadOS/momonados-proof-2026-08-10/lean/.lake/packages/mathlib/.lake/build/lib/lean:/home/mrnob0dy666/imsgct/mOMonadOS/momonados-proof-2026-08-10/lean/.lake/build/lib/lean /home/mrnob0dy666/.elan/toolchains/leanprover--lean4---v4.28.0/bin/lean /home/mrnob0dy666/imsgct/mOMonadOS/momonados-proof-2026-08-10/lean/Imscribing/Algebra.lean -o /home/mrnob0dy666/imsgct/mOMonadOS/momonados-proof-2026-08-10/lean/.lake/build/lib/lean/Imscribing/Algebra.olean -i /home/mrnob0dy666/imsgct/mOMonadOS/momonados-proof-2026-08-10/lean/.lake/build/lib/lean/Imscribing/Algebra.ilean -c /home/mrnob0dy666/imsgct/mOMonadOS/momonados-proof-2026-08-10/lean/.lake/build/ir/Imscribing/Algebra.c --setup /home/mrnob0dy666/imsgct/mOMonadOS/momonados-proof-2026-08-10/lean/.lake/build/ir/Imscribing/Algebra.setup.json --json",
   "level": "trace"}],
 "inputs":
 [["Imscribing.Algebra:deps",
   [["deps",
     [["«imscribing-lean»/Imscribing:extraDep",
       [["@«imscribing-lean»:extraDep", "00000000000006bb"]]],
      ["imports",
       [["Imscribing.Primitives.Core transitive imports (legacy)",
         "9317c57739e38342"],
        ["Imscribing.Primitives.Core:importAllArts", "7fe1825a775a6a8b"],
        ["Imscribing.Primitives.Imscription transitive imports (legacy)",
         "7959de06de549ca5"],
        ["Imscribing.Primitives.Imscription:importAllArts", "5639484a108b9e19"],
        ["Imscribing.Primitives.Crystal transitive imports (legacy)",
         "bc68d1a36ad139a5"],
        ["Imscribing.Primitives.Crystal:importAllArts", "244c955c94e7e80c"],
        ["Imscribing.Consciousness transitive imports (legacy)",
         "35d6c09f42488d29"],
        ["Imscribing.Consciousness:importAllArts", "6820c598dbc166f6"],
        ["Mathlib.Data.Real.Basic transitive imports (legacy)",
         "e99232c582a80006"],
        ["Mathlib.Data.Real.Basic:importAllArts", "cb66a25f329c2b11"]]]]],
    ["libs",
     [["import dynlibs", "00000000000006bb"],
      ["package external libraries", "00000000000006bb"],
      ["module dynlibs", "00000000000006bb"],
      ["module plugins", "00000000000006bb"]]]]],
  ["Lean 4.28.0, commit 7e01a1bf5c70fc6167d49c345d3bf80596e9a79b",
   "a96bc04a2e5e9630"],
  ["/home/mrnob0dy666/imsgct/mOMonadOS/momonados-proof-2026-08-10/lean/Imscribing/Algebra.lean",
   "9e69583829739c2f"],
  ["options",
   [["-DmaxSynthPendingDepth=3", "c78e353d34de85d4"],
    ["-Dweak.linter.mathlibStandardSet=true", "8a155799906f2b42"],
    ["-DrelaxedAutoImplicit=false", "74a2b5546b55be80"],
    ["-Dpp.unicode.fun=true", "9b94070140457fab"]]],
  ["Module.leanArgs: #[]", "00000000000006bb"]],
 "depHash": "e112becfe75be6c8"}