{"synthetic": false,
 "schemaVersion": "2025-09-10",
 "outputs":
 {"o": ["7534a02157fd02a1.olean"],
  "i": "d445eb0664d661cc.ilean",
  "c": "c2100039798077b3.c"},
 "log":
 [{"message":
   ".> LEAN_PATH=/home/mrnob0dy666/imsgct/mOMonadOS/momonados-proof-2026-08-10/lean/.lake/packages/Cli/.lake/build/lib/lean:/home/mrnob0dy666/imsgct/mOMonadOS/momonados-proof-2026-08-10/lean/.lake/packages/batteries/.lake/build/lib/lean:/home/mrnob0dy666/imsgct/mOMonadOS/momonados-proof-2026-08-10/lean/.lake/packages/Qq/.lake/build/lib/lean:/home/mrnob0dy666/imsgct/mOMonadOS/momonados-proof-2026-08-10/lean/.lake/packages/aesop/.lake/build/lib/lean:/home/mrnob0dy666/imsgct/mOMonadOS/momonados-proof-2026-08-10/lean/.lake/packages/proofwidgets/.lake/build/lib/lean:/home/mrnob0dy666/imsgct/mOMonadOS/momonados-proof-2026-08-10/lean/.lake/packages/importGraph/.lake/build/lib/lean:/home/mrnob0dy666/imsgct/mOMonadOS/momonados-proof-2026-08-10/lean/.lake/packages/LeanSearchClient/.lake/build/lib/lean:/home/mrnob0dy666/imsgct/mOMonadOS/momonados-proof-2026-08-10/lean/.lake/packages/plausible/.lake/build/lib/lean:/home/mrnob0dy666/imsgct/mOMonadOS/momonados-proof-2026-08-10/lean/.lake/packages/mathlib/.lake/build/lib/lean:/home/mrnob0dy666/imsgct/mOMonadOS/momonados-proof-2026-08-10/lean/.lake/build/lib/lean /home/mrnob0dy666/.elan/toolchains/leanprover--lean4---v4.28.0/bin/lean /home/mrnob0dy666/imsgct/mOMonadOS/momonados-proof-2026-08-10/lean/Imscribing/Consciousness.lean -o /home/mrnob0dy666/imsgct/mOMonadOS/momonados-proof-2026-08-10/lean/.lake/build/lib/lean/Imscribing/Consciousness.olean -i /home/mrnob0dy666/imsgct/mOMonadOS/momonados-proof-2026-08-10/lean/.lake/build/lib/lean/Imscribing/Consciousness.ilean -c /home/mrnob0dy666/imsgct/mOMonadOS/momonados-proof-2026-08-10/lean/.lake/build/ir/Imscribing/Consciousness.c --setup /home/mrnob0dy666/imsgct/mOMonadOS/momonados-proof-2026-08-10/lean/.lake/build/ir/Imscribing/Consciousness.setup.json --json",
   "level": "trace"}],
 "inputs":
 [["Imscribing.Consciousness:deps",
   [["deps",
     [["«imscribing-lean»/Imscribing:extraDep",
       [["@«imscribing-lean»:extraDep", "00000000000006bb"]]],
      ["imports",
       [["Imscribing.Primitives.Core transitive imports (legacy)",
         "9317c57739e38342"],
        ["Imscribing.Primitives.Core:importAllArts", "7fe1825a775a6a8b"],
        ["Imscribing.Primitives.Imscription transitive imports (legacy)",
         "7959de06de549ca5"],
        ["Imscribing.Primitives.Imscription:importAllArts", "5639484a108b9e19"],
        ["Imscribing.Primitives.Catalog transitive imports (legacy)",
         "2c46c8dddd9ff9e6"],
        ["Imscribing.Primitives.Catalog:importAllArts", "28bbd7497906c199"],
        ["Mathlib.Data.Real.Basic transitive imports (legacy)",
         "e99232c582a80006"],
        ["Mathlib.Data.Real.Basic:importAllArts", "cb66a25f329c2b11"]]]]],
    ["libs",
     [["import dynlibs", "00000000000006bb"],
      ["package external libraries", "00000000000006bb"],
      ["module dynlibs", "00000000000006bb"],
      ["module plugins", "00000000000006bb"]]]]],
  ["Lean 4.28.0, commit 7e01a1bf5c70fc6167d49c345d3bf80596e9a79b",
   "a96bc04a2e5e9630"],
  ["/home/mrnob0dy666/imsgct/mOMonadOS/momonados-proof-2026-08-10/lean/Imscribing/Consciousness.lean",
   "8b1af5fd6abbdfb7"],
  ["options",
   [["-DmaxSynthPendingDepth=3", "c78e353d34de85d4"],
    ["-Dweak.linter.mathlibStandardSet=true", "8a155799906f2b42"],
    ["-DrelaxedAutoImplicit=false", "74a2b5546b55be80"],
    ["-Dpp.unicode.fun=true", "9b94070140457fab"]]],
  ["Module.leanArgs: #[]", "00000000000006bb"]],
 "depHash": "81c87f7a253f8af9"}