{"synthetic": false,
 "schemaVersion": "2025-09-10",
 "outputs":
 {"o": ["97f42283e969e4f2.olean"],
  "i": "023eb5cc79c4ea63.ilean",
  "c": "29e8f41fbab46e74.c"},
 "log":
 [{"message":
   ".> LEAN_PATH=/home/mrnob0dy666/imsgct/mOMonadOS/momonados-proof-2026-08-10/lean/.lake/packages/Cli/.lake/build/lib/lean:/home/mrnob0dy666/imsgct/mOMonadOS/momonados-proof-2026-08-10/lean/.lake/packages/batteries/.lake/build/lib/lean:/home/mrnob0dy666/imsgct/mOMonadOS/momonados-proof-2026-08-10/lean/.lake/packages/Qq/.lake/build/lib/lean:/home/mrnob0dy666/imsgct/mOMonadOS/momonados-proof-2026-08-10/lean/.lake/packages/aesop/.lake/build/lib/lean:/home/mrnob0dy666/imsgct/mOMonadOS/momonados-proof-2026-08-10/lean/.lake/packages/proofwidgets/.lake/build/lib/lean:/home/mrnob0dy666/imsgct/mOMonadOS/momonados-proof-2026-08-10/lean/.lake/packages/importGraph/.lake/build/lib/lean:/home/mrnob0dy666/imsgct/mOMonadOS/momonados-proof-2026-08-10/lean/.lake/packages/LeanSearchClient/.lake/build/lib/lean:/home/mrnob0dy666/imsgct/mOMonadOS/momonados-proof-2026-08-10/lean/.lake/packages/plausible/.lake/build/lib/lean:/home/mrnob0dy666/imsgct/mOMonadOS/momonados-proof-2026-08-10/lean/.lake/packages/mathlib/.lake/build/lib/lean:/home/mrnob0dy666/imsgct/mOMonadOS/momonados-proof-2026-08-10/lean/.lake/build/lib/lean /home/mrnob0dy666/.elan/toolchains/leanprover--lean4---v4.28.0/bin/lean /home/mrnob0dy666/imsgct/mOMonadOS/momonados-proof-2026-08-10/lean/Imscribing/Millennium/PerfectCuboid/DescentTheorem.lean -o /home/mrnob0dy666/imsgct/mOMonadOS/momonados-proof-2026-08-10/lean/.lake/build/lib/lean/Imscribing/Millennium/PerfectCuboid/DescentTheorem.olean -i /home/mrnob0dy666/imsgct/mOMonadOS/momonados-proof-2026-08-10/lean/.lake/build/lib/lean/Imscribing/Millennium/PerfectCuboid/DescentTheorem.ilean -c /home/mrnob0dy666/imsgct/mOMonadOS/momonados-proof-2026-08-10/lean/.lake/build/ir/Imscribing/Millennium/PerfectCuboid/DescentTheorem.c --setup /home/mrnob0dy666/imsgct/mOMonadOS/momonados-proof-2026-08-10/lean/.lake/build/ir/Imscribing/Millennium/PerfectCuboid/DescentTheorem.setup.json --json",
   "level": "trace"},
  {"message":
   "Imscribing/Millennium/PerfectCuboid/DescentTheorem.lean:155:0: 'Millennium.PerfectCuboid.DescentTheorem.no_solution_2a_sq_eq_d_sq' depends on axioms: [propext,\n Classical.choice,\n Quot.sound]",
   "level": "info"},
  {"message":
   "Imscribing/Millennium/PerfectCuboid/DescentTheorem.lean:156:0: 'Millennium.PerfectCuboid.DescentTheorem.case_all_gcd_one_impossible' depends on axioms: [propext,\n Classical.choice,\n Quot.sound]",
   "level": "info"},
  {"message":
   "Imscribing/Millennium/PerfectCuboid/DescentTheorem.lean:157:0: 'Millennium.PerfectCuboid.DescentTheorem.all_edges_even_when_g_even' depends on axioms: [propext,\n Classical.choice,\n Quot.sound]",
   "level": "info"}],
 "inputs":
 [["Imscribing.Millennium.PerfectCuboid.DescentTheorem:deps",
   [["deps",
     [["«imscribing-lean»/Imscribing:extraDep",
       [["@«imscribing-lean»:extraDep", "00000000000006bb"]]],
      ["imports",
       [["Imscribing.Millennium.PerfectCuboid transitive imports (legacy)",
         "12c1ba7185138d42"],
        ["Imscribing.Millennium.PerfectCuboid:importAllArts",
         "f0d805eec1eceedd"],
        ["Imscribing.Millennium.PerfectCuboid.FactorizationLemma transitive imports (legacy)",
         "3577485131122229"],
        ["Imscribing.Millennium.PerfectCuboid.FactorizationLemma:importAllArts",
         "3da41212d5512108"]]]]],
    ["libs",
     [["import dynlibs", "00000000000006bb"],
      ["package external libraries", "00000000000006bb"],
      ["module dynlibs", "00000000000006bb"],
      ["module plugins", "00000000000006bb"]]]]],
  ["Lean 4.28.0, commit 7e01a1bf5c70fc6167d49c345d3bf80596e9a79b",
   "a96bc04a2e5e9630"],
  ["/home/mrnob0dy666/imsgct/mOMonadOS/momonados-proof-2026-08-10/lean/Imscribing/Millennium/PerfectCuboid/DescentTheorem.lean",
   "312ff01fe536f6c6"],
  ["options",
   [["-DmaxSynthPendingDepth=3", "c78e353d34de85d4"],
    ["-Dweak.linter.mathlibStandardSet=true", "8a155799906f2b42"],
    ["-DrelaxedAutoImplicit=false", "74a2b5546b55be80"],
    ["-Dpp.unicode.fun=true", "9b94070140457fab"]]],
  ["Module.leanArgs: #[]", "00000000000006bb"]],
 "depHash": "dd4023b5a42c02ee"}