{"synthetic": false,
 "schemaVersion": "2025-09-10",
 "outputs":
 {"o": ["96d03f38edb9b268.olean"],
  "i": "d70402d5c164b9d0.ilean",
  "c": "d43e788119ac298d.c"},
 "log":
 [{"message":
   ".> LEAN_PATH=/home/mrnob0dy666/imsgct/mOMonadOS/momonados-proof-2026-08-10/lean/.lake/packages/Cli/.lake/build/lib/lean:/home/mrnob0dy666/imsgct/mOMonadOS/momonados-proof-2026-08-10/lean/.lake/packages/batteries/.lake/build/lib/lean:/home/mrnob0dy666/imsgct/mOMonadOS/momonados-proof-2026-08-10/lean/.lake/packages/Qq/.lake/build/lib/lean:/home/mrnob0dy666/imsgct/mOMonadOS/momonados-proof-2026-08-10/lean/.lake/packages/aesop/.lake/build/lib/lean:/home/mrnob0dy666/imsgct/mOMonadOS/momonados-proof-2026-08-10/lean/.lake/packages/proofwidgets/.lake/build/lib/lean:/home/mrnob0dy666/imsgct/mOMonadOS/momonados-proof-2026-08-10/lean/.lake/packages/importGraph/.lake/build/lib/lean:/home/mrnob0dy666/imsgct/mOMonadOS/momonados-proof-2026-08-10/lean/.lake/packages/LeanSearchClient/.lake/build/lib/lean:/home/mrnob0dy666/imsgct/mOMonadOS/momonados-proof-2026-08-10/lean/.lake/packages/plausible/.lake/build/lib/lean:/home/mrnob0dy666/imsgct/mOMonadOS/momonados-proof-2026-08-10/lean/.lake/packages/mathlib/.lake/build/lib/lean:/home/mrnob0dy666/imsgct/mOMonadOS/momonados-proof-2026-08-10/lean/.lake/build/lib/lean /home/mrnob0dy666/.elan/toolchains/leanprover--lean4---v4.28.0/bin/lean /home/mrnob0dy666/imsgct/mOMonadOS/momonados-proof-2026-08-10/lean/Imscribing/Millennium/PerfectCuboid/DescentOperator.lean -o /home/mrnob0dy666/imsgct/mOMonadOS/momonados-proof-2026-08-10/lean/.lake/build/lib/lean/Imscribing/Millennium/PerfectCuboid/DescentOperator.olean -i /home/mrnob0dy666/imsgct/mOMonadOS/momonados-proof-2026-08-10/lean/.lake/build/lib/lean/Imscribing/Millennium/PerfectCuboid/DescentOperator.ilean -c /home/mrnob0dy666/imsgct/mOMonadOS/momonados-proof-2026-08-10/lean/.lake/build/ir/Imscribing/Millennium/PerfectCuboid/DescentOperator.c --setup /home/mrnob0dy666/imsgct/mOMonadOS/momonados-proof-2026-08-10/lean/.lake/build/ir/Imscribing/Millennium/PerfectCuboid/DescentOperator.setup.json --json",
   "level": "trace"}],
 "inputs":
 [["Imscribing.Millennium.PerfectCuboid.DescentOperator:deps",
   [["deps",
     [["«imscribing-lean»/Imscribing:extraDep",
       [["@«imscribing-lean»:extraDep", "00000000000006bb"]]],
      ["imports",
       [["Imscribing.Millennium.PerfectCuboid transitive imports (legacy)",
         "12c1ba7185138d42"],
        ["Imscribing.Millennium.PerfectCuboid:importAllArts",
         "f0d805eec1eceedd"],
        ["Imscribing.Millennium.PerfectCuboid.DescentTheorem transitive imports (legacy)",
         "42a8f74cdf2ef50d"],
        ["Imscribing.Millennium.PerfectCuboid.DescentTheorem:importAllArts",
         "db8953c18232ecd1"],
        ["Mathlib.Data.Nat.Basic transitive imports (legacy)",
         "d2911a4214e22990"],
        ["Mathlib.Data.Nat.Basic:importAllArts", "8d4cfb2a94e3abfa"],
        ["Mathlib.Tactic transitive imports (legacy)", "bf2ae2962534f582"],
        ["Mathlib.Tactic:importAllArts", "1d9edd976155df75"]]]]],
    ["libs",
     [["import dynlibs", "00000000000006bb"],
      ["package external libraries", "00000000000006bb"],
      ["module dynlibs", "00000000000006bb"],
      ["module plugins", "00000000000006bb"]]]]],
  ["Lean 4.28.0, commit 7e01a1bf5c70fc6167d49c345d3bf80596e9a79b",
   "a96bc04a2e5e9630"],
  ["/home/mrnob0dy666/imsgct/mOMonadOS/momonados-proof-2026-08-10/lean/Imscribing/Millennium/PerfectCuboid/DescentOperator.lean",
   "baff3cf1309a1cb0"],
  ["options",
   [["-DmaxSynthPendingDepth=3", "c78e353d34de85d4"],
    ["-Dweak.linter.mathlibStandardSet=true", "8a155799906f2b42"],
    ["-DrelaxedAutoImplicit=false", "74a2b5546b55be80"],
    ["-Dpp.unicode.fun=true", "9b94070140457fab"]]],
  ["Module.leanArgs: #[]", "00000000000006bb"]],
 "depHash": "789fb9b078b53ba3"}