{"synthetic": false,
 "schemaVersion": "2025-09-10",
 "outputs":
 {"o": ["9ffe16d1e7fe1694.olean"],
  "i": "170552814ed1374d.ilean",
  "c": "876e2a0b900358d0.c"},
 "log":
 [{"message":
   ".> LEAN_PATH=/home/mrnob0dy666/imsgct/mOMonadOS/momonados-proof-2026-08-10/lean/.lake/packages/Cli/.lake/build/lib/lean:/home/mrnob0dy666/imsgct/mOMonadOS/momonados-proof-2026-08-10/lean/.lake/packages/batteries/.lake/build/lib/lean:/home/mrnob0dy666/imsgct/mOMonadOS/momonados-proof-2026-08-10/lean/.lake/packages/Qq/.lake/build/lib/lean:/home/mrnob0dy666/imsgct/mOMonadOS/momonados-proof-2026-08-10/lean/.lake/packages/aesop/.lake/build/lib/lean:/home/mrnob0dy666/imsgct/mOMonadOS/momonados-proof-2026-08-10/lean/.lake/packages/proofwidgets/.lake/build/lib/lean:/home/mrnob0dy666/imsgct/mOMonadOS/momonados-proof-2026-08-10/lean/.lake/packages/importGraph/.lake/build/lib/lean:/home/mrnob0dy666/imsgct/mOMonadOS/momonados-proof-2026-08-10/lean/.lake/packages/LeanSearchClient/.lake/build/lib/lean:/home/mrnob0dy666/imsgct/mOMonadOS/momonados-proof-2026-08-10/lean/.lake/packages/plausible/.lake/build/lib/lean:/home/mrnob0dy666/imsgct/mOMonadOS/momonados-proof-2026-08-10/lean/.lake/packages/mathlib/.lake/build/lib/lean:/home/mrnob0dy666/imsgct/mOMonadOS/momonados-proof-2026-08-10/lean/.lake/build/lib/lean /home/mrnob0dy666/.elan/toolchains/leanprover--lean4---v4.28.0/bin/lean /home/mrnob0dy666/imsgct/mOMonadOS/momonados-proof-2026-08-10/lean/Imscribing/Millennium/PerfectCuboid/PrerequisiteLemmasL5_L7.lean -o /home/mrnob0dy666/imsgct/mOMonadOS/momonados-proof-2026-08-10/lean/.lake/build/lib/lean/Imscribing/Millennium/PerfectCuboid/PrerequisiteLemmasL5_L7.olean -i /home/mrnob0dy666/imsgct/mOMonadOS/momonados-proof-2026-08-10/lean/.lake/build/lib/lean/Imscribing/Millennium/PerfectCuboid/PrerequisiteLemmasL5_L7.ilean -c /home/mrnob0dy666/imsgct/mOMonadOS/momonados-proof-2026-08-10/lean/.lake/build/ir/Imscribing/Millennium/PerfectCuboid/PrerequisiteLemmasL5_L7.c --setup /home/mrnob0dy666/imsgct/mOMonadOS/momonados-proof-2026-08-10/lean/.lake/build/ir/Imscribing/Millennium/PerfectCuboid/PrerequisiteLemmasL5_L7.setup.json --json",
   "level": "trace"},
  {"message":
   "Imscribing/Millennium/PerfectCuboid/PrerequisiteLemmasL5_L7.lean:63:10: try 'simp' instead of 'simpa'\n\nNote: This linter can be disabled with `set_option linter.unnecessarySimpa false`",
   "level": "warning"},
  {"message":
   "Imscribing/Millennium/PerfectCuboid/PrerequisiteLemmasL5_L7.lean:68:10: try 'simp' instead of 'simpa'\n\nNote: This linter can be disabled with `set_option linter.unnecessarySimpa false`",
   "level": "warning"},
  {"message":
   "Imscribing/Millennium/PerfectCuboid/PrerequisiteLemmasL5_L7.lean:104:47: '' starts on column 47, but all commands should start at the beginning of the line.\n\nNote: This linter can be disabled with `set_option linter.style.whitespace false`",
   "level": "warning"}],
 "inputs":
 [["Imscribing.Millennium.PerfectCuboid.PrerequisiteLemmasL5_L7:deps",
   [["deps",
     [["«imscribing-lean»/Imscribing:extraDep",
       [["@«imscribing-lean»:extraDep", "00000000000006bb"]]],
      ["imports",
       [["Mathlib.Data.Nat.Basic transitive imports (legacy)",
         "d2911a4214e22990"],
        ["Mathlib.Data.Nat.Basic:importAllArts", "8d4cfb2a94e3abfa"],
        ["Mathlib.Data.Nat.GCD.Basic transitive imports (legacy)",
         "e9b43e7bff1c648d"],
        ["Mathlib.Data.Nat.GCD.Basic:importAllArts", "4ba011f829a4cc97"],
        ["Mathlib.Data.Int.Basic transitive imports (legacy)",
         "acffb05a3aa85c06"],
        ["Mathlib.Data.Int.Basic:importAllArts", "e49364abfa795a3f"],
        ["Mathlib.Data.Int.GCD transitive imports (legacy)",
         "9cf8ce0c488360d7"],
        ["Mathlib.Data.Int.GCD:importAllArts", "cc7d7cd564fb1e48"],
        ["Mathlib.NumberTheory.PythagoreanTriples transitive imports (legacy)",
         "ad3f7cfd58a644ce"],
        ["Mathlib.NumberTheory.PythagoreanTriples:importAllArts",
         "87066cb10668ecc9"],
        ["Mathlib.Tactic transitive imports (legacy)", "bf2ae2962534f582"],
        ["Mathlib.Tactic:importAllArts", "1d9edd976155df75"]]]]],
    ["libs",
     [["import dynlibs", "00000000000006bb"],
      ["package external libraries", "00000000000006bb"],
      ["module dynlibs", "00000000000006bb"],
      ["module plugins", "00000000000006bb"]]]]],
  ["Lean 4.28.0, commit 7e01a1bf5c70fc6167d49c345d3bf80596e9a79b",
   "a96bc04a2e5e9630"],
  ["/home/mrnob0dy666/imsgct/mOMonadOS/momonados-proof-2026-08-10/lean/Imscribing/Millennium/PerfectCuboid/PrerequisiteLemmasL5_L7.lean",
   "4ffeb8f1144fac61"],
  ["options",
   [["-DmaxSynthPendingDepth=3", "c78e353d34de85d4"],
    ["-Dweak.linter.mathlibStandardSet=true", "8a155799906f2b42"],
    ["-DrelaxedAutoImplicit=false", "74a2b5546b55be80"],
    ["-Dpp.unicode.fun=true", "9b94070140457fab"]]],
  ["Module.leanArgs: #[]", "00000000000006bb"]],
 "depHash": "fd3ed347809b71ec"}