{"synthetic": false,
 "schemaVersion": "2025-09-10",
 "outputs":
 {"o": ["4397e85fadbee323.olean"],
  "i": "5a76ef4f3414c219.ilean",
  "c": "fc6ea691078bbac3.c"},
 "log":
 [{"message":
   ".> LEAN_PATH=/home/mrnob0dy666/imsgct/mOMonadOS/momonados-proof-2026-08-10/lean/.lake/packages/Cli/.lake/build/lib/lean:/home/mrnob0dy666/imsgct/mOMonadOS/momonados-proof-2026-08-10/lean/.lake/packages/batteries/.lake/build/lib/lean:/home/mrnob0dy666/imsgct/mOMonadOS/momonados-proof-2026-08-10/lean/.lake/packages/Qq/.lake/build/lib/lean:/home/mrnob0dy666/imsgct/mOMonadOS/momonados-proof-2026-08-10/lean/.lake/packages/aesop/.lake/build/lib/lean:/home/mrnob0dy666/imsgct/mOMonadOS/momonados-proof-2026-08-10/lean/.lake/packages/proofwidgets/.lake/build/lib/lean:/home/mrnob0dy666/imsgct/mOMonadOS/momonados-proof-2026-08-10/lean/.lake/packages/importGraph/.lake/build/lib/lean:/home/mrnob0dy666/imsgct/mOMonadOS/momonados-proof-2026-08-10/lean/.lake/packages/LeanSearchClient/.lake/build/lib/lean:/home/mrnob0dy666/imsgct/mOMonadOS/momonados-proof-2026-08-10/lean/.lake/packages/plausible/.lake/build/lib/lean:/home/mrnob0dy666/imsgct/mOMonadOS/momonados-proof-2026-08-10/lean/.lake/packages/mathlib/.lake/build/lib/lean:/home/mrnob0dy666/imsgct/mOMonadOS/momonados-proof-2026-08-10/lean/.lake/build/lib/lean /home/mrnob0dy666/.elan/toolchains/leanprover--lean4---v4.28.0/bin/lean /home/mrnob0dy666/imsgct/mOMonadOS/momonados-proof-2026-08-10/lean/Imscribing/Paraconsistent/HadronBelnap.lean -o /home/mrnob0dy666/imsgct/mOMonadOS/momonados-proof-2026-08-10/lean/.lake/build/lib/lean/Imscribing/Paraconsistent/HadronBelnap.olean -i /home/mrnob0dy666/imsgct/mOMonadOS/momonados-proof-2026-08-10/lean/.lake/build/lib/lean/Imscribing/Paraconsistent/HadronBelnap.ilean -c /home/mrnob0dy666/imsgct/mOMonadOS/momonados-proof-2026-08-10/lean/.lake/build/ir/Imscribing/Paraconsistent/HadronBelnap.c --setup /home/mrnob0dy666/imsgct/mOMonadOS/momonados-proof-2026-08-10/lean/.lake/build/ir/Imscribing/Paraconsistent/HadronBelnap.setup.json --json",
   "level": "trace"},
  {"message":
   "Imscribing/Paraconsistent/HadronBelnap.lean:25:100: This line exceeds the 100 character limit, please shorten it!\n\nNote: This linter can be disabled with `set_option linter.style.longLine false`",
   "level": "warning"},
  {"message":
   "Imscribing/Paraconsistent/HadronBelnap.lean:54:100: This line exceeds the 100 character limit, please shorten it!\n\nNote: This linter can be disabled with `set_option linter.style.longLine false`",
   "level": "warning"},
  {"message":
   "Imscribing/Paraconsistent/HadronBelnap.lean:116:2: Using `native_decide` is not allowed in mathlib: because it trusts the entire Lean compiler (not just the Lean kernel), it could quite possibly be used to prove false.\n\nNote: This linter can be disabled with `set_option linter.style.nativeDecide false`",
   "level": "warning"}],
 "inputs":
 [["Imscribing.Paraconsistent.HadronBelnap:deps",
   [["deps",
     [["«imscribing-lean»/Imscribing:extraDep",
       [["@«imscribing-lean»:extraDep", "00000000000006bb"]]],
      ["imports",
       [["Imscribing.Paraconsistent.QuarkBelnap transitive imports (legacy)",
         "3401aa044383ac11"],
        ["Imscribing.Paraconsistent.QuarkBelnap:importAllArts",
         "7856667639150425"],
        ["Imscribing.Paraconsistent.OrbitalBelnap transitive imports (legacy)",
         "3eed5d6ded225b0e"],
        ["Imscribing.Paraconsistent.OrbitalBelnap:importAllArts",
         "e17ea6ecca722f01"],
        ["Imscribing.Paraconsistent.Belnap transitive imports (legacy)",
         "00000000000006bb"],
        ["Imscribing.Paraconsistent.Belnap:importAllArts", "1d26823843ba4dba"],
        ["Imscribing.Primitives.Imscription transitive imports (legacy)",
         "7959de06de549ca5"],
        ["Imscribing.Primitives.Imscription:importAllArts", "5639484a108b9e19"],
        ["Imscribing.Primitives.TierCrossing transitive imports (legacy)",
         "118c404c11186bcd"],
        ["Imscribing.Primitives.TierCrossing:importAllArts",
         "4ab48de1cbe24d29"],
        ["Mathlib.Data.Finset.Basic transitive imports (legacy)",
         "737bd5c64804cc77"],
        ["Mathlib.Data.Finset.Basic:importAllArts", "61dc2f560ae96eac"],
        ["Mathlib.Tactic transitive imports (legacy)", "bf2ae2962534f582"],
        ["Mathlib.Tactic:importAllArts", "1d9edd976155df75"]]]]],
    ["libs",
     [["import dynlibs", "00000000000006bb"],
      ["package external libraries", "00000000000006bb"],
      ["module dynlibs", "00000000000006bb"],
      ["module plugins", "00000000000006bb"]]]]],
  ["Lean 4.28.0, commit 7e01a1bf5c70fc6167d49c345d3bf80596e9a79b",
   "a96bc04a2e5e9630"],
  ["/home/mrnob0dy666/imsgct/mOMonadOS/momonados-proof-2026-08-10/lean/Imscribing/Paraconsistent/HadronBelnap.lean",
   "1a9d79cb2981c907"],
  ["options",
   [["-DmaxSynthPendingDepth=3", "c78e353d34de85d4"],
    ["-Dweak.linter.mathlibStandardSet=true", "8a155799906f2b42"],
    ["-DrelaxedAutoImplicit=false", "74a2b5546b55be80"],
    ["-Dpp.unicode.fun=true", "9b94070140457fab"]]],
  ["Module.leanArgs: #[]", "00000000000006bb"]],
 "depHash": "76a85cbd28ad3bd7"}