{"synthetic": false,
 "schemaVersion": "2025-09-10",
 "outputs":
 {"o": ["7e77b0fd9081b5fd.olean"],
  "i": "28025520c9f7cddb.ilean",
  "c": "362618dcf5c9e108.c"},
 "log":
 [{"message":
   ".> LEAN_PATH=/home/mrnob0dy666/imsgct/mOMonadOS/momonados-proof-2026-08-10/lean/.lake/packages/Cli/.lake/build/lib/lean:/home/mrnob0dy666/imsgct/mOMonadOS/momonados-proof-2026-08-10/lean/.lake/packages/batteries/.lake/build/lib/lean:/home/mrnob0dy666/imsgct/mOMonadOS/momonados-proof-2026-08-10/lean/.lake/packages/Qq/.lake/build/lib/lean:/home/mrnob0dy666/imsgct/mOMonadOS/momonados-proof-2026-08-10/lean/.lake/packages/aesop/.lake/build/lib/lean:/home/mrnob0dy666/imsgct/mOMonadOS/momonados-proof-2026-08-10/lean/.lake/packages/proofwidgets/.lake/build/lib/lean:/home/mrnob0dy666/imsgct/mOMonadOS/momonados-proof-2026-08-10/lean/.lake/packages/importGraph/.lake/build/lib/lean:/home/mrnob0dy666/imsgct/mOMonadOS/momonados-proof-2026-08-10/lean/.lake/packages/LeanSearchClient/.lake/build/lib/lean:/home/mrnob0dy666/imsgct/mOMonadOS/momonados-proof-2026-08-10/lean/.lake/packages/plausible/.lake/build/lib/lean:/home/mrnob0dy666/imsgct/mOMonadOS/momonados-proof-2026-08-10/lean/.lake/packages/mathlib/.lake/build/lib/lean:/home/mrnob0dy666/imsgct/mOMonadOS/momonados-proof-2026-08-10/lean/.lake/build/lib/lean /home/mrnob0dy666/.elan/toolchains/leanprover--lean4---v4.28.0/bin/lean /home/mrnob0dy666/imsgct/mOMonadOS/momonados-proof-2026-08-10/lean/Imscribing/Paraconsistent/OrbitalBelnap.lean -o /home/mrnob0dy666/imsgct/mOMonadOS/momonados-proof-2026-08-10/lean/.lake/build/lib/lean/Imscribing/Paraconsistent/OrbitalBelnap.olean -i /home/mrnob0dy666/imsgct/mOMonadOS/momonados-proof-2026-08-10/lean/.lake/build/lib/lean/Imscribing/Paraconsistent/OrbitalBelnap.ilean -c /home/mrnob0dy666/imsgct/mOMonadOS/momonados-proof-2026-08-10/lean/.lake/build/ir/Imscribing/Paraconsistent/OrbitalBelnap.c --setup /home/mrnob0dy666/imsgct/mOMonadOS/momonados-proof-2026-08-10/lean/.lake/build/ir/Imscribing/Paraconsistent/OrbitalBelnap.setup.json --json",
   "level": "trace"}],
 "inputs":
 [["Imscribing.Paraconsistent.OrbitalBelnap:deps",
   [["deps",
     [["«imscribing-lean»/Imscribing:extraDep",
       [["@«imscribing-lean»:extraDep", "00000000000006bb"]]],
      ["imports",
       [["Imscribing.Paraconsistent.Belnap transitive imports (legacy)",
         "00000000000006bb"],
        ["Imscribing.Paraconsistent.Belnap:importAllArts", "1d26823843ba4dba"],
        ["Mathlib.Logic.Function.Defs transitive imports (legacy)",
         "fbc045db801fa26d"],
        ["Mathlib.Logic.Function.Defs:importAllArts", "8fe7deec845f4664"]]]]],
    ["libs",
     [["import dynlibs", "00000000000006bb"],
      ["package external libraries", "00000000000006bb"],
      ["module dynlibs", "00000000000006bb"],
      ["module plugins", "00000000000006bb"]]]]],
  ["Lean 4.28.0, commit 7e01a1bf5c70fc6167d49c345d3bf80596e9a79b",
   "a96bc04a2e5e9630"],
  ["/home/mrnob0dy666/imsgct/mOMonadOS/momonados-proof-2026-08-10/lean/Imscribing/Paraconsistent/OrbitalBelnap.lean",
   "2a0215ef03478fef"],
  ["options",
   [["-DmaxSynthPendingDepth=3", "c78e353d34de85d4"],
    ["-Dweak.linter.mathlibStandardSet=true", "8a155799906f2b42"],
    ["-DrelaxedAutoImplicit=false", "74a2b5546b55be80"],
    ["-Dpp.unicode.fun=true", "9b94070140457fab"]]],
  ["Module.leanArgs: #[]", "00000000000006bb"]],
 "depHash": "5e4e58bb9181d9c6"}