{"synthetic": false,
 "schemaVersion": "2025-09-10",
 "outputs":
 {"o": ["e23c7754c0f6ec64.olean"],
  "i": "b5965f3fdb06beca.ilean",
  "c": "55d7b347f8bc2624.c"},
 "log":
 [{"message":
   ".> LEAN_PATH=/home/mrnob0dy666/imsgct/mOMonadOS/momonados-proof-2026-08-10/lean/.lake/packages/Cli/.lake/build/lib/lean:/home/mrnob0dy666/imsgct/mOMonadOS/momonados-proof-2026-08-10/lean/.lake/packages/batteries/.lake/build/lib/lean:/home/mrnob0dy666/imsgct/mOMonadOS/momonados-proof-2026-08-10/lean/.lake/packages/Qq/.lake/build/lib/lean:/home/mrnob0dy666/imsgct/mOMonadOS/momonados-proof-2026-08-10/lean/.lake/packages/aesop/.lake/build/lib/lean:/home/mrnob0dy666/imsgct/mOMonadOS/momonados-proof-2026-08-10/lean/.lake/packages/proofwidgets/.lake/build/lib/lean:/home/mrnob0dy666/imsgct/mOMonadOS/momonados-proof-2026-08-10/lean/.lake/packages/importGraph/.lake/build/lib/lean:/home/mrnob0dy666/imsgct/mOMonadOS/momonados-proof-2026-08-10/lean/.lake/packages/LeanSearchClient/.lake/build/lib/lean:/home/mrnob0dy666/imsgct/mOMonadOS/momonados-proof-2026-08-10/lean/.lake/packages/plausible/.lake/build/lib/lean:/home/mrnob0dy666/imsgct/mOMonadOS/momonados-proof-2026-08-10/lean/.lake/packages/mathlib/.lake/build/lib/lean:/home/mrnob0dy666/imsgct/mOMonadOS/momonados-proof-2026-08-10/lean/.lake/build/lib/lean /home/mrnob0dy666/.elan/toolchains/leanprover--lean4---v4.28.0/bin/lean /home/mrnob0dy666/imsgct/mOMonadOS/momonados-proof-2026-08-10/lean/Imscribing/Paraconsistent/QuarkBelnap.lean -o /home/mrnob0dy666/imsgct/mOMonadOS/momonados-proof-2026-08-10/lean/.lake/build/lib/lean/Imscribing/Paraconsistent/QuarkBelnap.olean -i /home/mrnob0dy666/imsgct/mOMonadOS/momonados-proof-2026-08-10/lean/.lake/build/lib/lean/Imscribing/Paraconsistent/QuarkBelnap.ilean -c /home/mrnob0dy666/imsgct/mOMonadOS/momonados-proof-2026-08-10/lean/.lake/build/ir/Imscribing/Paraconsistent/QuarkBelnap.c --setup /home/mrnob0dy666/imsgct/mOMonadOS/momonados-proof-2026-08-10/lean/.lake/build/ir/Imscribing/Paraconsistent/QuarkBelnap.setup.json --json",
   "level": "trace"}],
 "inputs":
 [["Imscribing.Paraconsistent.QuarkBelnap:deps",
   [["deps",
     [["«imscribing-lean»/Imscribing:extraDep",
       [["@«imscribing-lean»:extraDep", "00000000000006bb"]]],
      ["imports",
       [["Imscribing.Paraconsistent.OrbitalBelnap transitive imports (legacy)",
         "3eed5d6ded225b0e"],
        ["Imscribing.Paraconsistent.OrbitalBelnap:importAllArts",
         "e17ea6ecca722f01"],
        ["Imscribing.Paraconsistent.Belnap transitive imports (legacy)",
         "00000000000006bb"],
        ["Imscribing.Paraconsistent.Belnap:importAllArts", "1d26823843ba4dba"],
        ["Imscribing.Primitives.Imscription transitive imports (legacy)",
         "7959de06de549ca5"],
        ["Imscribing.Primitives.Imscription:importAllArts", "5639484a108b9e19"],
        ["Mathlib.Data.Finset.Basic transitive imports (legacy)",
         "737bd5c64804cc77"],
        ["Mathlib.Data.Finset.Basic:importAllArts", "61dc2f560ae96eac"],
        ["Mathlib.Tactic transitive imports (legacy)", "bf2ae2962534f582"],
        ["Mathlib.Tactic:importAllArts", "1d9edd976155df75"]]]]],
    ["libs",
     [["import dynlibs", "00000000000006bb"],
      ["package external libraries", "00000000000006bb"],
      ["module dynlibs", "00000000000006bb"],
      ["module plugins", "00000000000006bb"]]]]],
  ["Lean 4.28.0, commit 7e01a1bf5c70fc6167d49c345d3bf80596e9a79b",
   "a96bc04a2e5e9630"],
  ["/home/mrnob0dy666/imsgct/mOMonadOS/momonados-proof-2026-08-10/lean/Imscribing/Paraconsistent/QuarkBelnap.lean",
   "3612a2ed07e94562"],
  ["options",
   [["-DmaxSynthPendingDepth=3", "c78e353d34de85d4"],
    ["-Dweak.linter.mathlibStandardSet=true", "8a155799906f2b42"],
    ["-DrelaxedAutoImplicit=false", "74a2b5546b55be80"],
    ["-Dpp.unicode.fun=true", "9b94070140457fab"]]],
  ["Module.leanArgs: #[]", "00000000000006bb"]],
 "depHash": "975b0bede31998a5"}